E0227 17:47:15.435905     331 dev.go:83] Failed to load initial config from "/home/user/studio/dataconnect": could not find dataconnect.yaml in `/home/user/studio/dataconnect`
E0227 17:47:15.441266     331 watch.go:116] watchAllDir unable to walk dir `/home/user/studio/dataconnect`: lstat /home/user/studio/dataconnect: no such file or directory
I0227 17:47:15.462719     331 dev.go:104] Listening on address (HTTP + gRPC): 127.0.0.1:50001
E0227 17:47:25.454152     331 watch.go:40] Failed to load config from "/home/user/studio/dataconnect": could not find dataconnect.yaml in `/home/user/studio/dataconnect`
E0227 17:47:35.449188     331 watch.go:40] Failed to load config from "/home/user/studio/dataconnect": could not find dataconnect.yaml in `/home/user/studio/dataconnect`
E0227 17:47:45.443172     331 watch.go:40] Failed to load config from "/home/user/studio/dataconnect": could not find dataconnect.yaml in `/home/user/studio/dataconnect`
E0227 17:47:55.452595     331 watch.go:40] Failed to load config from "/home/user/studio/dataconnect": could not find dataconnect.yaml in `/home/user/studio/dataconnect`
E0227 17:48:05.452208     331 watch.go:40] Failed to load config from "/home/user/studio/dataconnect": could not find dataconnect.yaml in `/home/user/studio/dataconnect`
E0227 17:48:15.453845     331 watch.go:116] watchAllDir unable to walk dir `/home/user/studio/dataconnect`: lstat /home/user/studio/dataconnect: no such file or directory
E0227 17:48:15.454142     331 watch.go:40] Failed to load config from "/home/user/studio/dataconnect": could not find dataconnect.yaml in `/home/user/studio/dataconnect`
E0227 17:48:25.458184     331 watch.go:40] Failed to load config from "/home/user/studio/dataconnect": could not find dataconnect.yaml in `/home/user/studio/dataconnect`
E0227 17:48:35.453260     331 watch.go:40] Failed to load config from "/home/user/studio/dataconnect": could not find dataconnect.yaml in `/home/user/studio/dataconnect`
E0227 17:48:45.444171     331 watch.go:40] Failed to load config from "/home/user/studio/dataconnect": could not find dataconnect.yaml in `/home/user/studio/dataconnect`
E0227 17:48:55.451782     331 watch.go:40] Failed to load config from "/home/user/studio/dataconnect": could not find dataconnect.yaml in `/home/user/studio/dataconnect`
E0227 17:49:05.448263     331 watch.go:40] Failed to load config from "/home/user/studio/dataconnect": could not find dataconnect.yaml in `/home/user/studio/dataconnect`
E0227 17:49:15.442563     331 watch.go:116] watchAllDir unable to walk dir `/home/user/studio/dataconnect`: lstat /home/user/studio/dataconnect: no such file or directory
E0227 17:49:15.442686     331 watch.go:40] Failed to load config from "/home/user/studio/dataconnect": could not find dataconnect.yaml in `/home/user/studio/dataconnect`
E0227 17:49:25.445232     331 watch.go:40] Failed to load config from "/home/user/studio/dataconnect": could not find dataconnect.yaml in `/home/user/studio/dataconnect`
E0227 17:49:35.453142     331 watch.go:40] Failed to load config from "/home/user/studio/dataconnect": could not find dataconnect.yaml in `/home/user/studio/dataconnect`
E0227 17:49:45.443218     331 watch.go:40] Failed to load config from "/home/user/studio/dataconnect": could not find dataconnect.yaml in `/home/user/studio/dataconnect`
E0227 17:49:55.451211     331 watch.go:40] Failed to load config from "/home/user/studio/dataconnect": could not find dataconnect.yaml in `/home/user/studio/dataconnect`
E0227 17:50:05.452154     331 watch.go:40] Failed to load config from "/home/user/studio/dataconnect": could not find dataconnect.yaml in `/home/user/studio/dataconnect`
E0227 17:50:15.442661     331 watch.go:40] Failed to load config from "/home/user/studio/dataconnect": could not find dataconnect.yaml in `/home/user/studio/dataconnect`
E0227 17:50:15.442542     331 watch.go:116] watchAllDir unable to walk dir `/home/user/studio/dataconnect`: lstat /home/user/studio/dataconnect: no such file or directory
E0227 17:50:25.452225     331 watch.go:40] Failed to load config from "/home/user/studio/dataconnect": could not find dataconnect.yaml in `/home/user/studio/dataconnect`
E0227 17:50:35.452261     331 watch.go:40] Failed to load config from "/home/user/studio/dataconnect": could not find dataconnect.yaml in `/home/user/studio/dataconnect`
E0227 17:50:45.442813     331 watch.go:40] Failed to load config from "/home/user/studio/dataconnect": could not find dataconnect.yaml in `/home/user/studio/dataconnect`
E0227 17:50:55.450200     331 watch.go:40] Failed to load config from "/home/user/studio/dataconnect": could not find dataconnect.yaml in `/home/user/studio/dataconnect`
E0227 17:51:05.456196     331 watch.go:40] Failed to load config from "/home/user/studio/dataconnect": could not find dataconnect.yaml in `/home/user/studio/dataconnect`
E0227 17:51:15.445150     331 watch.go:116] watchAllDir unable to walk dir `/home/user/studio/dataconnect`: lstat /home/user/studio/dataconnect: no such file or directory
E0227 17:51:15.445339     331 watch.go:40] Failed to load config from "/home/user/studio/dataconnect": could not find dataconnect.yaml in `/home/user/studio/dataconnect`
E0227 17:51:25.453480     331 watch.go:40] Failed to load config from "/home/user/studio/dataconnect": could not find dataconnect.yaml in `/home/user/studio/dataconnect`
E0227 17:51:35.443474     331 watch.go:40] Failed to load config from "/home/user/studio/dataconnect": could not find dataconnect.yaml in `/home/user/studio/dataconnect`
E0227 17:51:45.442433     331 watch.go:40] Failed to load config from "/home/user/studio/dataconnect": could not find dataconnect.yaml in `/home/user/studio/dataconnect`
E0227 17:51:55.453517     331 watch.go:40] Failed to load config from "/home/user/studio/dataconnect": could not find dataconnect.yaml in `/home/user/studio/dataconnect`
E0227 17:52:05.452293     331 watch.go:40] Failed to load config from "/home/user/studio/dataconnect": could not find dataconnect.yaml in `/home/user/studio/dataconnect`
E0227 17:52:15.441754     331 watch.go:116] watchAllDir unable to walk dir `/home/user/studio/dataconnect`: lstat /home/user/studio/dataconnect: no such file or directory
E0227 17:52:15.442031     331 watch.go:40] Failed to load config from "/home/user/studio/dataconnect": could not find dataconnect.yaml in `/home/user/studio/dataconnect`
E0227 17:52:25.451631     331 watch.go:40] Failed to load config from "/home/user/studio/dataconnect": could not find dataconnect.yaml in `/home/user/studio/dataconnect`
E0227 17:52:35.451186     331 watch.go:40] Failed to load config from "/home/user/studio/dataconnect": could not find dataconnect.yaml in `/home/user/studio/dataconnect`
E0227 17:52:45.443196     331 watch.go:40] Failed to load config from "/home/user/studio/dataconnect": could not find dataconnect.yaml in `/home/user/studio/dataconnect`
E0227 17:52:55.451226     331 watch.go:40] Failed to load config from "/home/user/studio/dataconnect": could not find dataconnect.yaml in `/home/user/studio/dataconnect`
E0227 17:53:05.454824     331 watch.go:40] Failed to load config from "/home/user/studio/dataconnect": could not find dataconnect.yaml in `/home/user/studio/dataconnect`
E0227 17:53:15.444139     331 watch.go:116] watchAllDir unable to walk dir `/home/user/studio/dataconnect`: lstat /home/user/studio/dataconnect: no such file or directory
E0227 17:53:15.444332     331 watch.go:40] Failed to load config from "/home/user/studio/dataconnect": could not find dataconnect.yaml in `/home/user/studio/dataconnect`
E0227 17:53:25.451958     331 watch.go:40] Failed to load config from "/home/user/studio/dataconnect": could not find dataconnect.yaml in `/home/user/studio/dataconnect`
E0227 17:53:35.451604     331 watch.go:40] Failed to load config from "/home/user/studio/dataconnect": could not find dataconnect.yaml in `/home/user/studio/dataconnect`
E0227 17:53:45.441883     331 watch.go:40] Failed to load config from "/home/user/studio/dataconnect": could not find dataconnect.yaml in `/home/user/studio/dataconnect`
E0227 17:53:55.456929     331 watch.go:40] Failed to load config from "/home/user/studio/dataconnect": could not find dataconnect.yaml in `/home/user/studio/dataconnect`
E0227 17:54:05.452255     331 watch.go:40] Failed to load config from "/home/user/studio/dataconnect": could not find dataconnect.yaml in `/home/user/studio/dataconnect`
E0227 17:54:15.442440     331 watch.go:116] watchAllDir unable to walk dir `/home/user/studio/dataconnect`: lstat /home/user/studio/dataconnect: no such file or directory
E0227 17:54:15.447223     331 watch.go:40] Failed to load config from "/home/user/studio/dataconnect": could not find dataconnect.yaml in `/home/user/studio/dataconnect`
E0227 17:54:25.452260     331 watch.go:40] Failed to load config from "/home/user/studio/dataconnect": could not find dataconnect.yaml in `/home/user/studio/dataconnect`
E0227 17:54:35.451213     331 watch.go:40] Failed to load config from "/home/user/studio/dataconnect": could not find dataconnect.yaml in `/home/user/studio/dataconnect`
E0227 17:54:45.442461     331 watch.go:40] Failed to load config from "/home/user/studio/dataconnect": could not find dataconnect.yaml in `/home/user/studio/dataconnect`
E0227 17:54:55.451283     331 watch.go:40] Failed to load config from "/home/user/studio/dataconnect": could not find dataconnect.yaml in `/home/user/studio/dataconnect`
E0227 17:55:05.451295     331 watch.go:40] Failed to load config from "/home/user/studio/dataconnect": could not find dataconnect.yaml in `/home/user/studio/dataconnect`
E0227 17:55:15.441729     331 watch.go:116] watchAllDir unable to walk dir `/home/user/studio/dataconnect`: lstat /home/user/studio/dataconnect: no such file or directory
E0227 17:55:15.441862     331 watch.go:40] Failed to load config from "/home/user/studio/dataconnect": could not find dataconnect.yaml in `/home/user/studio/dataconnect`
E0227 17:55:25.450592     331 watch.go:40] Failed to load config from "/home/user/studio/dataconnect": could not find dataconnect.yaml in `/home/user/studio/dataconnect`
E0227 17:55:35.451233     331 watch.go:40] Failed to load config from "/home/user/studio/dataconnect": could not find dataconnect.yaml in `/home/user/studio/dataconnect`
E0227 17:55:45.444315     331 watch.go:40] Failed to load config from "/home/user/studio/dataconnect": could not find dataconnect.yaml in `/home/user/studio/dataconnect`
E0227 17:55:55.445329     331 watch.go:40] Failed to load config from "/home/user/studio/dataconnect": could not find dataconnect.yaml in `/home/user/studio/dataconnect`
E0227 17:56:05.454302     331 watch.go:40] Failed to load config from "/home/user/studio/dataconnect": could not find dataconnect.yaml in `/home/user/studio/dataconnect`
E0227 17:56:15.441799     331 watch.go:116] watchAllDir unable to walk dir `/home/user/studio/dataconnect`: lstat /home/user/studio/dataconnect: no such file or directory
E0227 17:56:15.443088     331 watch.go:40] Failed to load config from "/home/user/studio/dataconnect": could not find dataconnect.yaml in `/home/user/studio/dataconnect`
E0227 17:56:25.451210     331 watch.go:40] Failed to load config from "/home/user/studio/dataconnect": could not find dataconnect.yaml in `/home/user/studio/dataconnect`
E0227 17:56:35.453290     331 watch.go:40] Failed to load config from "/home/user/studio/dataconnect": could not find dataconnect.yaml in `/home/user/studio/dataconnect`
E0227 17:56:45.444215     331 watch.go:40] Failed to load config from "/home/user/studio/dataconnect": could not find dataconnect.yaml in `/home/user/studio/dataconnect`
E0227 17:56:55.454266     331 watch.go:40] Failed to load config from "/home/user/studio/dataconnect": could not find dataconnect.yaml in `/home/user/studio/dataconnect`
E0227 17:57:05.453240     331 watch.go:40] Failed to load config from "/home/user/studio/dataconnect": could not find dataconnect.yaml in `/home/user/studio/dataconnect`
E0227 17:57:15.442168     331 watch.go:116] watchAllDir unable to walk dir `/home/user/studio/dataconnect`: lstat /home/user/studio/dataconnect: no such file or directory
E0227 17:57:15.442324     331 watch.go:40] Failed to load config from "/home/user/studio/dataconnect": could not find dataconnect.yaml in `/home/user/studio/dataconnect`
E0227 17:57:25.453143     331 watch.go:40] Failed to load config from "/home/user/studio/dataconnect": could not find dataconnect.yaml in `/home/user/studio/dataconnect`
E0227 17:57:35.451352     331 watch.go:40] Failed to load config from "/home/user/studio/dataconnect": could not find dataconnect.yaml in `/home/user/studio/dataconnect`
E0227 17:57:45.443251     331 watch.go:40] Failed to load config from "/home/user/studio/dataconnect": could not find dataconnect.yaml in `/home/user/studio/dataconnect`
E0227 17:57:55.453238     331 watch.go:40] Failed to load config from "/home/user/studio/dataconnect": could not find dataconnect.yaml in `/home/user/studio/dataconnect`
E0227 17:58:05.452482     331 watch.go:40] Failed to load config from "/home/user/studio/dataconnect": could not find dataconnect.yaml in `/home/user/studio/dataconnect`
E0227 17:58:15.442271     331 watch.go:40] Failed to load config from "/home/user/studio/dataconnect": could not find dataconnect.yaml in `/home/user/studio/dataconnect`
E0227 17:58:15.441931     331 watch.go:116] watchAllDir unable to walk dir `/home/user/studio/dataconnect`: lstat /home/user/studio/dataconnect: no such file or directory
E0227 17:58:25.451701     331 watch.go:40] Failed to load config from "/home/user/studio/dataconnect": could not find dataconnect.yaml in `/home/user/studio/dataconnect`
E0227 17:58:35.450214     331 watch.go:40] Failed to load config from "/home/user/studio/dataconnect": could not find dataconnect.yaml in `/home/user/studio/dataconnect`
E0227 17:58:45.442670     331 watch.go:40] Failed to load config from "/home/user/studio/dataconnect": could not find dataconnect.yaml in `/home/user/studio/dataconnect`
E0227 17:58:55.453316     331 watch.go:40] Failed to load config from "/home/user/studio/dataconnect": could not find dataconnect.yaml in `/home/user/studio/dataconnect`
E0227 17:59:05.453842     331 watch.go:40] Failed to load config from "/home/user/studio/dataconnect": could not find dataconnect.yaml in `/home/user/studio/dataconnect`
E0227 17:59:15.442992     331 watch.go:116] watchAllDir unable to walk dir `/home/user/studio/dataconnect`: lstat /home/user/studio/dataconnect: no such file or directory
E0227 17:59:15.443168     331 watch.go:40] Failed to load config from "/home/user/studio/dataconnect": could not find dataconnect.yaml in `/home/user/studio/dataconnect`
E0227 17:59:25.453224     331 watch.go:40] Failed to load config from "/home/user/studio/dataconnect": could not find dataconnect.yaml in `/home/user/studio/dataconnect`
E0227 17:59:35.452705     331 watch.go:40] Failed to load config from "/home/user/studio/dataconnect": could not find dataconnect.yaml in `/home/user/studio/dataconnect`
E0227 17:59:45.443186     331 watch.go:40] Failed to load config from "/home/user/studio/dataconnect": could not find dataconnect.yaml in `/home/user/studio/dataconnect`
E0227 17:59:55.454288     331 watch.go:40] Failed to load config from "/home/user/studio/dataconnect": could not find dataconnect.yaml in `/home/user/studio/dataconnect`
E0227 18:00:05.451377     331 watch.go:40] Failed to load config from "/home/user/studio/dataconnect": could not find dataconnect.yaml in `/home/user/studio/dataconnect`
E0227 18:00:15.442390     331 watch.go:116] watchAllDir unable to walk dir `/home/user/studio/dataconnect`: lstat /home/user/studio/dataconnect: no such file or directory
E0227 18:00:15.442581     331 watch.go:40] Failed to load config from "/home/user/studio/dataconnect": could not find dataconnect.yaml in `/home/user/studio/dataconnect`
E0227 18:00:25.452034     331 watch.go:40] Failed to load config from "/home/user/studio/dataconnect": could not find dataconnect.yaml in `/home/user/studio/dataconnect`
E0227 18:00:35.451361     331 watch.go:40] Failed to load config from "/home/user/studio/dataconnect": could not find dataconnect.yaml in `/home/user/studio/dataconnect`
E0227 18:00:45.444948     331 watch.go:40] Failed to load config from "/home/user/studio/dataconnect": could not find dataconnect.yaml in `/home/user/studio/dataconnect`
E0227 18:00:55.452984     331 watch.go:40] Failed to load config from "/home/user/studio/dataconnect": could not find dataconnect.yaml in `/home/user/studio/dataconnect`
E0227 18:01:05.451229     331 watch.go:40] Failed to load config from "/home/user/studio/dataconnect": could not find dataconnect.yaml in `/home/user/studio/dataconnect`
E0227 18:01:15.443304     331 watch.go:116] watchAllDir unable to walk dir `/home/user/studio/dataconnect`: lstat /home/user/studio/dataconnect: no such file or directory
E0227 18:01:15.443453     331 watch.go:40] Failed to load config from "/home/user/studio/dataconnect": could not find dataconnect.yaml in `/home/user/studio/dataconnect`
E0227 18:01:25.451227     331 watch.go:40] Failed to load config from "/home/user/studio/dataconnect": could not find dataconnect.yaml in `/home/user/studio/dataconnect`
E0227 18:01:35.451332     331 watch.go:40] Failed to load config from "/home/user/studio/dataconnect": could not find dataconnect.yaml in `/home/user/studio/dataconnect`
E0227 18:01:45.443312     331 watch.go:40] Failed to load config from "/home/user/studio/dataconnect": could not find dataconnect.yaml in `/home/user/studio/dataconnect`
E0227 18:01:55.451246     331 watch.go:40] Failed to load config from "/home/user/studio/dataconnect": could not find dataconnect.yaml in `/home/user/studio/dataconnect`
E0227 18:02:05.450847     331 watch.go:40] Failed to load config from "/home/user/studio/dataconnect": could not find dataconnect.yaml in `/home/user/studio/dataconnect`
E0227 18:02:15.443085     331 watch.go:116] watchAllDir unable to walk dir `/home/user/studio/dataconnect`: lstat /home/user/studio/dataconnect: no such file or directory
E0227 18:02:15.443283     331 watch.go:40] Failed to load config from "/home/user/studio/dataconnect": could not find dataconnect.yaml in `/home/user/studio/dataconnect`
E0227 18:02:25.454952     331 watch.go:40] Failed to load config from "/home/user/studio/dataconnect": could not find dataconnect.yaml in `/home/user/studio/dataconnect`
E0227 18:02:35.454208     331 watch.go:40] Failed to load config from "/home/user/studio/dataconnect": could not find dataconnect.yaml in `/home/user/studio/dataconnect`
E0227 18:02:45.442590     331 watch.go:40] Failed to load config from "/home/user/studio/dataconnect": could not find dataconnect.yaml in `/home/user/studio/dataconnect`
E0227 18:02:55.451394     331 watch.go:40] Failed to load config from "/home/user/studio/dataconnect": could not find dataconnect.yaml in `/home/user/studio/dataconnect`
E0227 18:03:05.451199     331 watch.go:40] Failed to load config from "/home/user/studio/dataconnect": could not find dataconnect.yaml in `/home/user/studio/dataconnect`
E0227 18:03:15.443349     331 watch.go:116] watchAllDir unable to walk dir `/home/user/studio/dataconnect`: lstat /home/user/studio/dataconnect: no such file or directory
E0227 18:03:15.443484     331 watch.go:40] Failed to load config from "/home/user/studio/dataconnect": could not find dataconnect.yaml in `/home/user/studio/dataconnect`
E0227 18:03:25.455070     331 watch.go:40] Failed to load config from "/home/user/studio/dataconnect": could not find dataconnect.yaml in `/home/user/studio/dataconnect`
E0227 18:03:35.452375     331 watch.go:40] Failed to load config from "/home/user/studio/dataconnect": could not find dataconnect.yaml in `/home/user/studio/dataconnect`
E0227 18:03:45.443207     331 watch.go:40] Failed to load config from "/home/user/studio/dataconnect": could not find dataconnect.yaml in `/home/user/studio/dataconnect`
E0227 18:03:55.455266     331 watch.go:40] Failed to load config from "/home/user/studio/dataconnect": could not find dataconnect.yaml in `/home/user/studio/dataconnect`
E0227 18:04:05.453386     331 watch.go:40] Failed to load config from "/home/user/studio/dataconnect": could not find dataconnect.yaml in `/home/user/studio/dataconnect`
E0227 18:04:15.459171     331 watch.go:116] watchAllDir unable to walk dir `/home/user/studio/dataconnect`: lstat /home/user/studio/dataconnect: no such file or directory
E0227 18:04:15.459389     331 watch.go:40] Failed to load config from "/home/user/studio/dataconnect": could not find dataconnect.yaml in `/home/user/studio/dataconnect`
E0227 18:04:25.457941     331 watch.go:40] Failed to load config from "/home/user/studio/dataconnect": could not find dataconnect.yaml in `/home/user/studio/dataconnect`
E0227 18:04:35.451371     331 watch.go:40] Failed to load config from "/home/user/studio/dataconnect": could not find dataconnect.yaml in `/home/user/studio/dataconnect`
E0227 18:04:45.442584     331 watch.go:40] Failed to load config from "/home/user/studio/dataconnect": could not find dataconnect.yaml in `/home/user/studio/dataconnect`
E0227 18:04:55.458380     331 watch.go:40] Failed to load config from "/home/user/studio/dataconnect": could not find dataconnect.yaml in `/home/user/studio/dataconnect`
E0227 18:05:05.451308     331 watch.go:40] Failed to load config from "/home/user/studio/dataconnect": could not find dataconnect.yaml in `/home/user/studio/dataconnect`
E0227 18:05:15.444192     331 watch.go:116] watchAllDir unable to walk dir `/home/user/studio/dataconnect`: lstat /home/user/studio/dataconnect: no such file or directory
E0227 18:05:15.444333     331 watch.go:40] Failed to load config from "/home/user/studio/dataconnect": could not find dataconnect.yaml in `/home/user/studio/dataconnect`
E0227 18:05:25.451665     331 watch.go:40] Failed to load config from "/home/user/studio/dataconnect": could not find dataconnect.yaml in `/home/user/studio/dataconnect`
E0227 18:05:35.450255     331 watch.go:40] Failed to load config from "/home/user/studio/dataconnect": could not find dataconnect.yaml in `/home/user/studio/dataconnect`
E0227 18:05:45.443192     331 watch.go:40] Failed to load config from "/home/user/studio/dataconnect": could not find dataconnect.yaml in `/home/user/studio/dataconnect`
E0227 18:05:55.455279     331 watch.go:40] Failed to load config from "/home/user/studio/dataconnect": could not find dataconnect.yaml in `/home/user/studio/dataconnect`
E0227 18:06:05.453706     331 watch.go:40] Failed to load config from "/home/user/studio/dataconnect": could not find dataconnect.yaml in `/home/user/studio/dataconnect`
E0227 18:06:15.442691     331 watch.go:116] watchAllDir unable to walk dir `/home/user/studio/dataconnect`: lstat /home/user/studio/dataconnect: no such file or directory
E0227 18:06:15.442837     331 watch.go:40] Failed to load config from "/home/user/studio/dataconnect": could not find dataconnect.yaml in `/home/user/studio/dataconnect`
E0227 18:06:25.442214     331 watch.go:40] Failed to load config from "/home/user/studio/dataconnect": could not find dataconnect.yaml in `/home/user/studio/dataconnect`
E0227 18:06:35.458268     331 watch.go:40] Failed to load config from "/home/user/studio/dataconnect": could not find dataconnect.yaml in `/home/user/studio/dataconnect`
E0227 18:06:45.442658     331 watch.go:40] Failed to load config from "/home/user/studio/dataconnect": could not find dataconnect.yaml in `/home/user/studio/dataconnect`
E0227 18:06:55.454198     331 watch.go:40] Failed to load config from "/home/user/studio/dataconnect": could not find dataconnect.yaml in `/home/user/studio/dataconnect`
E0227 18:07:05.489160     331 watch.go:40] Failed to load config from "/home/user/studio/dataconnect": could not find dataconnect.yaml in `/home/user/studio/dataconnect`
E0227 18:07:15.445341     331 watch.go:40] Failed to load config from "/home/user/studio/dataconnect": could not find dataconnect.yaml in `/home/user/studio/dataconnect`
E0227 18:07:15.443276     331 watch.go:116] watchAllDir unable to walk dir `/home/user/studio/dataconnect`: lstat /home/user/studio/dataconnect: no such file or directory
E0227 18:07:25.451222     331 watch.go:40] Failed to load config from "/home/user/studio/dataconnect": could not find dataconnect.yaml in `/home/user/studio/dataconnect`
E0227 18:07:35.454538     331 watch.go:40] Failed to load config from "/home/user/studio/dataconnect": could not find dataconnect.yaml in `/home/user/studio/dataconnect`
E0227 18:07:45.445231     331 watch.go:40] Failed to load config from "/home/user/studio/dataconnect": could not find dataconnect.yaml in `/home/user/studio/dataconnect`
E0227 18:07:55.452089     331 watch.go:40] Failed to load config from "/home/user/studio/dataconnect": could not find dataconnect.yaml in `/home/user/studio/dataconnect`
E0227 18:08:05.451215     331 watch.go:40] Failed to load config from "/home/user/studio/dataconnect": could not find dataconnect.yaml in `/home/user/studio/dataconnect`
E0227 18:08:15.441785     331 watch.go:116] watchAllDir unable to walk dir `/home/user/studio/dataconnect`: lstat /home/user/studio/dataconnect: no such file or directory
E0227 18:08:15.441950     331 watch.go:40] Failed to load config from "/home/user/studio/dataconnect": could not find dataconnect.yaml in `/home/user/studio/dataconnect`
E0227 18:08:25.450987     331 watch.go:40] Failed to load config from "/home/user/studio/dataconnect": could not find dataconnect.yaml in `/home/user/studio/dataconnect`
E0227 18:08:35.447221     331 watch.go:40] Failed to load config from "/home/user/studio/dataconnect": could not find dataconnect.yaml in `/home/user/studio/dataconnect`
E0227 18:08:45.441829     331 watch.go:40] Failed to load config from "/home/user/studio/dataconnect": could not find dataconnect.yaml in `/home/user/studio/dataconnect`
E0227 18:08:55.454268     331 watch.go:40] Failed to load config from "/home/user/studio/dataconnect": could not find dataconnect.yaml in `/home/user/studio/dataconnect`
E0227 18:09:05.451195     331 watch.go:40] Failed to load config from "/home/user/studio/dataconnect": could not find dataconnect.yaml in `/home/user/studio/dataconnect`
E0227 18:09:15.441781     331 watch.go:116] watchAllDir unable to walk dir `/home/user/studio/dataconnect`: lstat /home/user/studio/dataconnect: no such file or directory
E0227 18:09:15.441986     331 watch.go:40] Failed to load config from "/home/user/studio/dataconnect": could not find dataconnect.yaml in `/home/user/studio/dataconnect`
E0227 18:09:25.451275     331 watch.go:40] Failed to load config from "/home/user/studio/dataconnect": could not find dataconnect.yaml in `/home/user/studio/dataconnect`
E0227 18:09:35.451887     331 watch.go:40] Failed to load config from "/home/user/studio/dataconnect": could not find dataconnect.yaml in `/home/user/studio/dataconnect`
E0227 18:09:45.445273     331 watch.go:40] Failed to load config from "/home/user/studio/dataconnect": could not find dataconnect.yaml in `/home/user/studio/dataconnect`
E0227 18:09:55.451231     331 watch.go:40] Failed to load config from "/home/user/studio/dataconnect": could not find dataconnect.yaml in `/home/user/studio/dataconnect`
E0227 18:10:05.452267     331 watch.go:40] Failed to load config from "/home/user/studio/dataconnect": could not find dataconnect.yaml in `/home/user/studio/dataconnect`
E0227 18:10:15.445159     331 watch.go:116] watchAllDir unable to walk dir `/home/user/studio/dataconnect`: lstat /home/user/studio/dataconnect: no such file or directory
E0227 18:10:15.445324     331 watch.go:40] Failed to load config from "/home/user/studio/dataconnect": could not find dataconnect.yaml in `/home/user/studio/dataconnect`
E0227 18:10:25.458212     331 watch.go:40] Failed to load config from "/home/user/studio/dataconnect": could not find dataconnect.yaml in `/home/user/studio/dataconnect`
E0227 18:10:35.452107     331 watch.go:40] Failed to load config from "/home/user/studio/dataconnect": could not find dataconnect.yaml in `/home/user/studio/dataconnect`
E0227 18:10:45.459250     331 watch.go:40] Failed to load config from "/home/user/studio/dataconnect": could not find dataconnect.yaml in `/home/user/studio/dataconnect`
E0227 18:10:55.441880     331 watch.go:40] Failed to load config from "/home/user/studio/dataconnect": could not find dataconnect.yaml in `/home/user/studio/dataconnect`
E0227 18:11:05.453307     331 watch.go:40] Failed to load config from "/home/user/studio/dataconnect": could not find dataconnect.yaml in `/home/user/studio/dataconnect`
E0227 18:11:15.459160     331 watch.go:40] Failed to load config from "/home/user/studio/dataconnect": could not find dataconnect.yaml in `/home/user/studio/dataconnect`
E0227 18:11:15.453124     331 watch.go:116] watchAllDir unable to walk dir `/home/user/studio/dataconnect`: lstat /home/user/studio/dataconnect: no such file or directory
E0227 18:11:25.464912     331 watch.go:40] Failed to load config from "/home/user/studio/dataconnect": could not find dataconnect.yaml in `/home/user/studio/dataconnect`
E0227 18:11:35.451227     331 watch.go:40] Failed to load config from "/home/user/studio/dataconnect": could not find dataconnect.yaml in `/home/user/studio/dataconnect`
E0227 18:11:45.469417     331 watch.go:40] Failed to load config from "/home/user/studio/dataconnect": could not find dataconnect.yaml in `/home/user/studio/dataconnect`
E0227 18:11:55.774500     331 watch.go:40] Failed to load config from "/home/user/studio/dataconnect": could not find dataconnect.yaml in `/home/user/studio/dataconnect`
E0227 18:12:05.451255     331 watch.go:40] Failed to load config from "/home/user/studio/dataconnect": could not find dataconnect.yaml in `/home/user/studio/dataconnect`
E0227 18:12:15.485620     331 watch.go:40] Failed to load config from "/home/user/studio/dataconnect": could not find dataconnect.yaml in `/home/user/studio/dataconnect`
E0227 18:12:15.442661     331 watch.go:116] watchAllDir unable to walk dir `/home/user/studio/dataconnect`: lstat /home/user/studio/dataconnect: no such file or directory
E0227 18:12:25.453255     331 watch.go:40] Failed to load config from "/home/user/studio/dataconnect": could not find dataconnect.yaml in `/home/user/studio/dataconnect`
E0227 18:12:35.451292     331 watch.go:40] Failed to load config from "/home/user/studio/dataconnect": could not find dataconnect.yaml in `/home/user/studio/dataconnect`
E0227 18:12:45.445396     331 watch.go:40] Failed to load config from "/home/user/studio/dataconnect": could not find dataconnect.yaml in `/home/user/studio/dataconnect`
E0227 18:12:55.522554     331 watch.go:40] Failed to load config from "/home/user/studio/dataconnect": could not find dataconnect.yaml in `/home/user/studio/dataconnect`
E0227 18:13:05.445228     331 watch.go:40] Failed to load config from "/home/user/studio/dataconnect": could not find dataconnect.yaml in `/home/user/studio/dataconnect`
E0227 18:13:15.445148     331 watch.go:40] Failed to load config from "/home/user/studio/dataconnect": could not find dataconnect.yaml in `/home/user/studio/dataconnect`
E0227 18:13:15.442403     331 watch.go:116] watchAllDir unable to walk dir `/home/user/studio/dataconnect`: lstat /home/user/studio/dataconnect: no such file or directory
E0227 18:13:25.451632     331 watch.go:40] Failed to load config from "/home/user/studio/dataconnect": could not find dataconnect.yaml in `/home/user/studio/dataconnect`
E0227 18:13:35.451545     331 watch.go:40] Failed to load config from "/home/user/studio/dataconnect": could not find dataconnect.yaml in `/home/user/studio/dataconnect`
E0227 18:13:45.444480     331 watch.go:40] Failed to load config from "/home/user/studio/dataconnect": could not find dataconnect.yaml in `/home/user/studio/dataconnect`
E0227 18:13:55.453281     331 watch.go:40] Failed to load config from "/home/user/studio/dataconnect": could not find dataconnect.yaml in `/home/user/studio/dataconnect`
E0227 18:14:05.453948     331 watch.go:40] Failed to load config from "/home/user/studio/dataconnect": could not find dataconnect.yaml in `/home/user/studio/dataconnect`
E0227 18:14:15.444208     331 watch.go:116] watchAllDir unable to walk dir `/home/user/studio/dataconnect`: lstat /home/user/studio/dataconnect: no such file or directory
E0227 18:14:15.444367     331 watch.go:40] Failed to load config from "/home/user/studio/dataconnect": could not find dataconnect.yaml in `/home/user/studio/dataconnect`
E0227 18:14:25.454272     331 watch.go:40] Failed to load config from "/home/user/studio/dataconnect": could not find dataconnect.yaml in `/home/user/studio/dataconnect`
E0227 18:14:35.454558     331 watch.go:40] Failed to load config from "/home/user/studio/dataconnect": could not find dataconnect.yaml in `/home/user/studio/dataconnect`
E0227 18:14:45.442725     331 watch.go:40] Failed to load config from "/home/user/studio/dataconnect": could not find dataconnect.yaml in `/home/user/studio/dataconnect`
E0227 18:14:55.451222     331 watch.go:40] Failed to load config from "/home/user/studio/dataconnect": could not find dataconnect.yaml in `/home/user/studio/dataconnect`
E0227 18:15:05.456361     331 watch.go:40] Failed to load config from "/home/user/studio/dataconnect": could not find dataconnect.yaml in `/home/user/studio/dataconnect`
E0227 18:15:15.443503     331 watch.go:116] watchAllDir unable to walk dir `/home/user/studio/dataconnect`: lstat /home/user/studio/dataconnect: no such file or directory
E0227 18:15:15.488637     331 watch.go:40] Failed to load config from "/home/user/studio/dataconnect": could not find dataconnect.yaml in `/home/user/studio/dataconnect`
E0227 18:15:25.453887     331 watch.go:40] Failed to load config from "/home/user/studio/dataconnect": could not find dataconnect.yaml in `/home/user/studio/dataconnect`
E0227 18:15:35.457319     331 watch.go:40] Failed to load config from "/home/user/studio/dataconnect": could not find dataconnect.yaml in `/home/user/studio/dataconnect`
E0227 18:15:45.443234     331 watch.go:40] Failed to load config from "/home/user/studio/dataconnect": could not find dataconnect.yaml in `/home/user/studio/dataconnect`
E0227 18:15:55.452254     331 watch.go:40] Failed to load config from "/home/user/studio/dataconnect": could not find dataconnect.yaml in `/home/user/studio/dataconnect`
E0227 18:16:05.451237     331 watch.go:40] Failed to load config from "/home/user/studio/dataconnect": could not find dataconnect.yaml in `/home/user/studio/dataconnect`
E0227 18:16:15.443647     331 watch.go:40] Failed to load config from "/home/user/studio/dataconnect": could not find dataconnect.yaml in `/home/user/studio/dataconnect`
E0227 18:16:15.490972     331 watch.go:116] watchAllDir unable to walk dir `/home/user/studio/dataconnect`: lstat /home/user/studio/dataconnect: no such file or directory
E0227 18:16:25.453274     331 watch.go:40] Failed to load config from "/home/user/studio/dataconnect": could not find dataconnect.yaml in `/home/user/studio/dataconnect`
E0227 18:16:35.451427     331 watch.go:40] Failed to load config from "/home/user/studio/dataconnect": could not find dataconnect.yaml in `/home/user/studio/dataconnect`
E0227 18:16:45.443262     331 watch.go:40] Failed to load config from "/home/user/studio/dataconnect": could not find dataconnect.yaml in `/home/user/studio/dataconnect`
E0227 18:16:55.452078     331 watch.go:40] Failed to load config from "/home/user/studio/dataconnect": could not find dataconnect.yaml in `/home/user/studio/dataconnect`
E0227 18:17:05.552070     331 watch.go:40] Failed to load config from "/home/user/studio/dataconnect": could not find dataconnect.yaml in `/home/user/studio/dataconnect`
E0227 18:17:15.473282     331 watch.go:116] watchAllDir unable to walk dir `/home/user/studio/dataconnect`: lstat /home/user/studio/dataconnect: no such file or directory
E0227 18:17:15.616388     331 watch.go:40] Failed to load config from "/home/user/studio/dataconnect": could not find dataconnect.yaml in `/home/user/studio/dataconnect`
E0227 18:17:25.451371     331 watch.go:40] Failed to load config from "/home/user/studio/dataconnect": could not find dataconnect.yaml in `/home/user/studio/dataconnect`
E0227 18:17:35.453226     331 watch.go:40] Failed to load config from "/home/user/studio/dataconnect": could not find dataconnect.yaml in `/home/user/studio/dataconnect`
E0227 18:17:45.443214     331 watch.go:40] Failed to load config from "/home/user/studio/dataconnect": could not find dataconnect.yaml in `/home/user/studio/dataconnect`
E0227 18:17:55.453120     331 watch.go:40] Failed to load config from "/home/user/studio/dataconnect": could not find dataconnect.yaml in `/home/user/studio/dataconnect`
E0227 18:18:05.451335     331 watch.go:40] Failed to load config from "/home/user/studio/dataconnect": could not find dataconnect.yaml in `/home/user/studio/dataconnect`
E0227 18:18:15.445867     331 watch.go:40] Failed to load config from "/home/user/studio/dataconnect": could not find dataconnect.yaml in `/home/user/studio/dataconnect`
E0227 18:18:15.444801     331 watch.go:116] watchAllDir unable to walk dir `/home/user/studio/dataconnect`: lstat /home/user/studio/dataconnect: no such file or directory
E0227 18:18:25.450237     331 watch.go:40] Failed to load config from "/home/user/studio/dataconnect": could not find dataconnect.yaml in `/home/user/studio/dataconnect`
E0227 18:18:35.451244     331 watch.go:40] Failed to load config from "/home/user/studio/dataconnect": could not find dataconnect.yaml in `/home/user/studio/dataconnect`
E0227 18:18:45.443839     331 watch.go:40] Failed to load config from "/home/user/studio/dataconnect": could not find dataconnect.yaml in `/home/user/studio/dataconnect`
E0227 18:18:55.450214     331 watch.go:40] Failed to load config from "/home/user/studio/dataconnect": could not find dataconnect.yaml in `/home/user/studio/dataconnect`
E0227 18:19:05.451944     331 watch.go:40] Failed to load config from "/home/user/studio/dataconnect": could not find dataconnect.yaml in `/home/user/studio/dataconnect`
E0227 18:19:15.444263     331 watch.go:40] Failed to load config from "/home/user/studio/dataconnect": could not find dataconnect.yaml in `/home/user/studio/dataconnect`
E0227 18:19:15.442390     331 watch.go:116] watchAllDir unable to walk dir `/home/user/studio/dataconnect`: lstat /home/user/studio/dataconnect: no such file or directory
E0227 18:19:25.446222     331 watch.go:40] Failed to load config from "/home/user/studio/dataconnect": could not find dataconnect.yaml in `/home/user/studio/dataconnect`
E0227 18:19:35.451089     331 watch.go:40] Failed to load config from "/home/user/studio/dataconnect": could not find dataconnect.yaml in `/home/user/studio/dataconnect`
E0227 18:19:45.442598     331 watch.go:40] Failed to load config from "/home/user/studio/dataconnect": could not find dataconnect.yaml in `/home/user/studio/dataconnect`
E0227 18:19:55.452228     331 watch.go:40] Failed to load config from "/home/user/studio/dataconnect": could not find dataconnect.yaml in `/home/user/studio/dataconnect`
E0227 18:20:05.454195     331 watch.go:40] Failed to load config from "/home/user/studio/dataconnect": could not find dataconnect.yaml in `/home/user/studio/dataconnect`
E0227 18:20:15.450149     331 watch.go:116] watchAllDir unable to walk dir `/home/user/studio/dataconnect`: lstat /home/user/studio/dataconnect: no such file or directory
E0227 18:20:15.450314     331 watch.go:40] Failed to load config from "/home/user/studio/dataconnect": could not find dataconnect.yaml in `/home/user/studio/dataconnect`
E0227 18:20:25.452646     331 watch.go:40] Failed to load config from "/home/user/studio/dataconnect": could not find dataconnect.yaml in `/home/user/studio/dataconnect`
E0227 18:20:35.450262     331 watch.go:40] Failed to load config from "/home/user/studio/dataconnect": could not find dataconnect.yaml in `/home/user/studio/dataconnect`
E0227 18:20:45.441837     331 watch.go:40] Failed to load config from "/home/user/studio/dataconnect": could not find dataconnect.yaml in `/home/user/studio/dataconnect`
E0227 18:20:55.450219     331 watch.go:40] Failed to load config from "/home/user/studio/dataconnect": could not find dataconnect.yaml in `/home/user/studio/dataconnect`
E0227 18:21:05.454212     331 watch.go:40] Failed to load config from "/home/user/studio/dataconnect": could not find dataconnect.yaml in `/home/user/studio/dataconnect`
E0227 18:21:15.446220     331 watch.go:116] watchAllDir unable to walk dir `/home/user/studio/dataconnect`: lstat /home/user/studio/dataconnect: no such file or directory
E0227 18:21:15.446390     331 watch.go:40] Failed to load config from "/home/user/studio/dataconnect": could not find dataconnect.yaml in `/home/user/studio/dataconnect`
E0227 18:21:25.442277     331 watch.go:40] Failed to load config from "/home/user/studio/dataconnect": could not find dataconnect.yaml in `/home/user/studio/dataconnect`
E0227 18:21:35.457129     331 watch.go:40] Failed to load config from "/home/user/studio/dataconnect": could not find dataconnect.yaml in `/home/user/studio/dataconnect`
E0227 18:21:45.441894     331 watch.go:40] Failed to load config from "/home/user/studio/dataconnect": could not find dataconnect.yaml in `/home/user/studio/dataconnect`
E0227 18:21:55.455261     331 watch.go:40] Failed to load config from "/home/user/studio/dataconnect": could not find dataconnect.yaml in `/home/user/studio/dataconnect`
E0227 18:22:05.452633     331 watch.go:40] Failed to load config from "/home/user/studio/dataconnect": could not find dataconnect.yaml in `/home/user/studio/dataconnect`
E0227 18:22:15.442628     331 watch.go:116] watchAllDir unable to walk dir `/home/user/studio/dataconnect`: lstat /home/user/studio/dataconnect: no such file or directory
E0227 18:22:15.442914     331 watch.go:40] Failed to load config from "/home/user/studio/dataconnect": could not find dataconnect.yaml in `/home/user/studio/dataconnect`
E0227 18:22:25.456832     331 watch.go:40] Failed to load config from "/home/user/studio/dataconnect": could not find dataconnect.yaml in `/home/user/studio/dataconnect`
E0227 18:22:35.450605     331 watch.go:40] Failed to load config from "/home/user/studio/dataconnect": could not find dataconnect.yaml in `/home/user/studio/dataconnect`
E0227 18:22:45.442525     331 watch.go:40] Failed to load config from "/home/user/studio/dataconnect": could not find dataconnect.yaml in `/home/user/studio/dataconnect`
E0227 18:22:55.450297     331 watch.go:40] Failed to load config from "/home/user/studio/dataconnect": could not find dataconnect.yaml in `/home/user/studio/dataconnect`
E0227 18:23:05.453257     331 watch.go:40] Failed to load config from "/home/user/studio/dataconnect": could not find dataconnect.yaml in `/home/user/studio/dataconnect`
E0227 18:23:15.441851     331 watch.go:116] watchAllDir unable to walk dir `/home/user/studio/dataconnect`: lstat /home/user/studio/dataconnect: no such file or directory
E0227 18:23:15.442040     331 watch.go:40] Failed to load config from "/home/user/studio/dataconnect": could not find dataconnect.yaml in `/home/user/studio/dataconnect`
E0227 18:23:25.455594     331 watch.go:40] Failed to load config from "/home/user/studio/dataconnect": could not find dataconnect.yaml in `/home/user/studio/dataconnect`
E0227 18:23:35.462144     331 watch.go:40] Failed to load config from "/home/user/studio/dataconnect": could not find dataconnect.yaml in `/home/user/studio/dataconnect`
E0227 18:23:45.445243     331 watch.go:40] Failed to load config from "/home/user/studio/dataconnect": could not find dataconnect.yaml in `/home/user/studio/dataconnect`
E0227 18:23:55.451262     331 watch.go:40] Failed to load config from "/home/user/studio/dataconnect": could not find dataconnect.yaml in `/home/user/studio/dataconnect`
E0227 18:24:05.456243     331 watch.go:40] Failed to load config from "/home/user/studio/dataconnect": could not find dataconnect.yaml in `/home/user/studio/dataconnect`
E0227 18:24:15.443567     331 watch.go:40] Failed to load config from "/home/user/studio/dataconnect": could not find dataconnect.yaml in `/home/user/studio/dataconnect`
E0227 18:24:15.443198     331 watch.go:116] watchAllDir unable to walk dir `/home/user/studio/dataconnect`: lstat /home/user/studio/dataconnect: no such file or directory
E0227 18:24:25.450241     331 watch.go:40] Failed to load config from "/home/user/studio/dataconnect": could not find dataconnect.yaml in `/home/user/studio/dataconnect`
E0227 18:24:35.733805     331 watch.go:40] Failed to load config from "/home/user/studio/dataconnect": could not find dataconnect.yaml in `/home/user/studio/dataconnect`
E0227 18:24:45.442558     331 watch.go:40] Failed to load config from "/home/user/studio/dataconnect": could not find dataconnect.yaml in `/home/user/studio/dataconnect`
E0227 18:24:55.451750     331 watch.go:40] Failed to load config from "/home/user/studio/dataconnect": could not find dataconnect.yaml in `/home/user/studio/dataconnect`
E0227 18:25:05.452929     331 watch.go:40] Failed to load config from "/home/user/studio/dataconnect": could not find dataconnect.yaml in `/home/user/studio/dataconnect`
E0227 18:25:15.442403     331 watch.go:116] watchAllDir unable to walk dir `/home/user/studio/dataconnect`: lstat /home/user/studio/dataconnect: no such file or directory
E0227 18:25:15.442538     331 watch.go:40] Failed to load config from "/home/user/studio/dataconnect": could not find dataconnect.yaml in `/home/user/studio/dataconnect`
E0227 18:25:25.455248     331 watch.go:40] Failed to load config from "/home/user/studio/dataconnect": could not find dataconnect.yaml in `/home/user/studio/dataconnect`
E0227 18:25:35.459446     331 watch.go:40] Failed to load config from "/home/user/studio/dataconnect": could not find dataconnect.yaml in `/home/user/studio/dataconnect`
E0227 18:25:45.556129     331 watch.go:40] Failed to load config from "/home/user/studio/dataconnect": could not find dataconnect.yaml in `/home/user/studio/dataconnect`
E0227 18:25:55.447395     331 watch.go:40] Failed to load config from "/home/user/studio/dataconnect": could not find dataconnect.yaml in `/home/user/studio/dataconnect`
E0227 18:26:05.778205     331 watch.go:40] Failed to load config from "/home/user/studio/dataconnect": could not find dataconnect.yaml in `/home/user/studio/dataconnect`
E0227 18:26:15.443442     331 watch.go:40] Failed to load config from "/home/user/studio/dataconnect": could not find dataconnect.yaml in `/home/user/studio/dataconnect`
E0227 18:26:15.442325     331 watch.go:116] watchAllDir unable to walk dir `/home/user/studio/dataconnect`: lstat /home/user/studio/dataconnect: no such file or directory
E0227 18:26:25.452412     331 watch.go:40] Failed to load config from "/home/user/studio/dataconnect": could not find dataconnect.yaml in `/home/user/studio/dataconnect`
E0227 18:26:35.508238     331 watch.go:40] Failed to load config from "/home/user/studio/dataconnect": could not find dataconnect.yaml in `/home/user/studio/dataconnect`
E0227 18:26:45.442250     331 watch.go:40] Failed to load config from "/home/user/studio/dataconnect": could not find dataconnect.yaml in `/home/user/studio/dataconnect`
E0227 18:26:55.454291     331 watch.go:40] Failed to load config from "/home/user/studio/dataconnect": could not find dataconnect.yaml in `/home/user/studio/dataconnect`
E0227 18:27:05.451201     331 watch.go:40] Failed to load config from "/home/user/studio/dataconnect": could not find dataconnect.yaml in `/home/user/studio/dataconnect`
E0227 18:27:15.445652     331 watch.go:40] Failed to load config from "/home/user/studio/dataconnect": could not find dataconnect.yaml in `/home/user/studio/dataconnect`
E0227 18:27:15.445321     331 watch.go:116] watchAllDir unable to walk dir `/home/user/studio/dataconnect`: lstat /home/user/studio/dataconnect: no such file or directory
E0227 18:27:25.451232     331 watch.go:40] Failed to load config from "/home/user/studio/dataconnect": could not find dataconnect.yaml in `/home/user/studio/dataconnect`
E0227 18:27:35.456188     331 watch.go:40] Failed to load config from "/home/user/studio/dataconnect": could not find dataconnect.yaml in `/home/user/studio/dataconnect`
E0227 18:27:45.442742     331 watch.go:40] Failed to load config from "/home/user/studio/dataconnect": could not find dataconnect.yaml in `/home/user/studio/dataconnect`
E0227 18:27:55.467223     331 watch.go:40] Failed to load config from "/home/user/studio/dataconnect": could not find dataconnect.yaml in `/home/user/studio/dataconnect`
E0227 18:28:05.480168     331 watch.go:40] Failed to load config from "/home/user/studio/dataconnect": could not find dataconnect.yaml in `/home/user/studio/dataconnect`
E0227 18:28:15.448686     331 watch.go:40] Failed to load config from "/home/user/studio/dataconnect": could not find dataconnect.yaml in `/home/user/studio/dataconnect`
E0227 18:28:15.445200     331 watch.go:116] watchAllDir unable to walk dir `/home/user/studio/dataconnect`: lstat /home/user/studio/dataconnect: no such file or directory
E0227 18:28:25.451248     331 watch.go:40] Failed to load config from "/home/user/studio/dataconnect": could not find dataconnect.yaml in `/home/user/studio/dataconnect`
E0227 18:28:35.455287     331 watch.go:40] Failed to load config from "/home/user/studio/dataconnect": could not find dataconnect.yaml in `/home/user/studio/dataconnect`
E0227 18:28:45.441857     331 watch.go:40] Failed to load config from "/home/user/studio/dataconnect": could not find dataconnect.yaml in `/home/user/studio/dataconnect`
E0227 18:28:55.450288     331 watch.go:40] Failed to load config from "/home/user/studio/dataconnect": could not find dataconnect.yaml in `/home/user/studio/dataconnect`
E0227 18:29:05.452164     331 watch.go:40] Failed to load config from "/home/user/studio/dataconnect": could not find dataconnect.yaml in `/home/user/studio/dataconnect`
E0227 18:29:15.442907     331 watch.go:40] Failed to load config from "/home/user/studio/dataconnect": could not find dataconnect.yaml in `/home/user/studio/dataconnect`
E0227 18:29:15.442461     331 watch.go:116] watchAllDir unable to walk dir `/home/user/studio/dataconnect`: lstat /home/user/studio/dataconnect: no such file or directory
E0227 18:29:25.451388     331 watch.go:40] Failed to load config from "/home/user/studio/dataconnect": could not find dataconnect.yaml in `/home/user/studio/dataconnect`
E0227 18:29:35.456394     331 watch.go:40] Failed to load config from "/home/user/studio/dataconnect": could not find dataconnect.yaml in `/home/user/studio/dataconnect`
E0227 18:29:45.444141     331 watch.go:40] Failed to load config from "/home/user/studio/dataconnect": could not find dataconnect.yaml in `/home/user/studio/dataconnect`
E0227 18:29:55.451230     331 watch.go:40] Failed to load config from "/home/user/studio/dataconnect": could not find dataconnect.yaml in `/home/user/studio/dataconnect`
E0227 18:30:05.754495     331 watch.go:40] Failed to load config from "/home/user/studio/dataconnect": could not find dataconnect.yaml in `/home/user/studio/dataconnect`
E0227 18:30:15.447534     331 watch.go:40] Failed to load config from "/home/user/studio/dataconnect": could not find dataconnect.yaml in `/home/user/studio/dataconnect`
E0227 18:30:15.447169     331 watch.go:116] watchAllDir unable to walk dir `/home/user/studio/dataconnect`: lstat /home/user/studio/dataconnect: no such file or directory
E0227 18:30:25.454217     331 watch.go:40] Failed to load config from "/home/user/studio/dataconnect": could not find dataconnect.yaml in `/home/user/studio/dataconnect`
E0227 18:30:35.709550     331 watch.go:40] Failed to load config from "/home/user/studio/dataconnect": could not find dataconnect.yaml in `/home/user/studio/dataconnect`
E0227 18:30:45.442234     331 watch.go:40] Failed to load config from "/home/user/studio/dataconnect": could not find dataconnect.yaml in `/home/user/studio/dataconnect`
E0227 18:30:55.451472     331 watch.go:40] Failed to load config from "/home/user/studio/dataconnect": could not find dataconnect.yaml in `/home/user/studio/dataconnect`
E0227 18:31:05.507854     331 watch.go:40] Failed to load config from "/home/user/studio/dataconnect": could not find dataconnect.yaml in `/home/user/studio/dataconnect`
